../Core/Src/main.c:91:5:main	8	static
../Core/Src/main.c:143:6:SystemClock_Config	88	static
../Core/Src/main.c:190:13:MX_SPI1_Init	8	static
../Core/Src/main.c:228:13:MX_TIM2_Init	32	static
../Core/Src/main.c:273:13:MX_GPIO_Init	40	static
../Core/Src/main.c:312:6:HAL_TIM_PeriodElapsedCallback	16	static
../Core/Src/main.c:333:13:RGBLedMatrix_Init	8	static
../Core/Src/main.c:352:13:RGBLedMatrix_Scan	16	static
../Core/Src/main.c:390:13:RGBLedMatrix_ShiftOut	16	static
../Core/Src/main.c:396:13:RGBLedMatrix_Display	32	static
../Core/Src/main.c:563:13:CDC_ReceivedCallback	24	static
../Core/Src/main.c:632:6:Error_Handler	4	static,ignoring_inline_asm
